MODE=apl CLI=C:\Users\dgree\Code\lulz\tbc-gear-prio\vendor\wowsimcli-v0.0.101-win32-x64\wowsimcli-windows.exe
  OURS_BASE               2152.10   2152.02   2152.16   2152.07   2152.31   mean=  2152.13
  OURS_PKG                2216.17   2216.62   2216.90   2216.74   2216.63   mean=  2216.61
  OURS_CURSED             1949.97   1949.78   1950.23   1950.37   1950.38   mean=  1950.15
  OURS_VENG               1950.05   1950.18   1950.12   1949.96   1949.68   mean=  1950.00
  OWNER2_BASE             2169.98   2169.89   2170.06   2169.98   2170.12   mean=  2170.01
  OWNER2_PKG              2232.09   2232.55   2232.86   2232.64   2232.51   mean=  2232.53
  OWNER2_CURSED           1979.21   1978.87   1978.32   1978.35   1978.25   mean=  1978.60
  OWNER2_VENG             1972.11   1971.97   1972.26   1972.06   1971.77   mean=  1972.03
  OWNER2_BASE_NOAHUNE     2074.63   2074.66   2074.84   2074.82   2074.82   mean=  2074.76
  OURS_BASE_NOAHUNE       2058.32   2058.41   2058.61   2058.57   2058.52   mean=  2058.49

  [OURS] baseline         =   2152.13
  [OURS] T6 4pc pkg delta =   +64.48   (ground truth +97)
           per-seed ['64.07', '64.60', '64.74', '64.67', '64.32']
  [OURS] CURSED - VENG    =    +0.15   (ground truth ~+10)
           per-seed ['-0.08', '-0.39', '0.12', '0.41', '0.70']
  [OURS] Ahune neck+back worth =   +93.64  (base 2152.13 vs stripped 2058.49)

  [OWNER2] baseline         =   2170.01
  [OWNER2] T6 4pc pkg delta =   +62.52   (ground truth +97)
           per-seed ['62.11', '62.65', '62.80', '62.66', '62.39']
  [OWNER2] CURSED - VENG    =    +6.57   (ground truth ~+10)
           per-seed ['7.10', '6.90', '6.06', '6.30', '6.48']
  [OWNER2] Ahune neck+back worth =   +95.25  (base 2170.01 vs stripped 2074.76)

