2026/09/17 14:56:38 Embedded file server running.
2026/09/17 14:56:43 Running 20000 iterations on 20 concurrent sims.
2026/09/17 14:56:44 All 20 sims finished successfully.
2026/09/17 14:56:44 [Bulk Sim] - Stage: high - Starting
Sims:
  Candidates: 25
  Total runs: 26-27 (baseline probe, optional baseline, candidates)
Stage config:
  Concurrency: 1
  Per-candidate concurrent sim: true
  Min iterations: 20000
  Carried iterations: 0
  Target error: 0.05%
2026/09/17 14:56:44 Running 20000 iterations on 20 concurrent sims.
2026/09/17 14:56:45 All 20 sims finished successfully.
2026/09/17 14:56:45 Running 20000 iterations on 20 concurrent sims.
2026/09/17 14:56:46 All 20 sims finished successfully.
2026/09/17 14:56:46 Running 20000 iterations on 20 concurrent sims.
2026/09/17 14:56:48 All 20 sims finished successfully.
2026/09/17 14:56:48 Running 20000 iterations on 20 concurrent sims.
2026/09/17 14:56:49 All 20 sims finished successfully.
2026/09/17 14:56:49 Running 20000 iterations on 20 concurrent sims.
2026/09/17 14:56:50 All 20 sims finished successfully.
2026/09/17 14:56:50 Running 20000 iterations on 20 concurrent sims.
2026/09/17 14:56:51 All 20 sims finished successfully.
2026/09/17 14:56:51 Running 20000 iterations on 20 concurrent sims.
2026/09/17 14:56:52 All 20 sims finished successfully.
2026/09/17 14:56:52 Running 20000 iterations on 20 concurrent sims.
2026/09/17 14:56:53 All 20 sims finished successfully.
2026/09/17 14:56:53 Running 20000 iterations on 20 concurrent sims.
2026/09/17 14:56:54 All 20 sims finished successfully.
2026/09/17 14:56:54 Running 20000 iterations on 20 concurrent sims.
2026/09/17 14:56:55 All 20 sims finished successfully.
2026/09/17 14:56:55 Running 20000 iterations on 20 concurrent sims.
2026/09/17 14:56:57 All 20 sims finished successfully.
2026/09/17 14:56:57 Running 20000 iterations on 20 concurrent sims.
2026/09/17 14:56:58 All 20 sims finished successfully.
2026/09/17 14:56:58 Running 20000 iterations on 20 concurrent sims.
2026/09/17 14:56:59 All 20 sims finished successfully.
2026/09/17 14:56:59 Running 20000 iterations on 20 concurrent sims.
2026/09/17 14:57:00 All 20 sims finished successfully.
2026/09/17 14:57:00 Running 20000 iterations on 20 concurrent sims.
2026/09/17 14:57:01 All 20 sims finished successfully.
2026/09/17 14:57:01 Running 20000 iterations on 20 concurrent sims.
2026/09/17 14:57:02 All 20 sims finished successfully.
2026/09/17 14:57:02 Running 20000 iterations on 20 concurrent sims.
2026/09/17 14:57:03 All 20 sims finished successfully.
2026/09/17 14:57:03 Running 20000 iterations on 20 concurrent sims.
2026/09/17 14:57:04 All 20 sims finished successfully.
2026/09/17 14:57:04 Running 20000 iterations on 20 concurrent sims.
2026/09/17 14:57:05 All 20 sims finished successfully.
2026/09/17 14:57:05 Running 20000 iterations on 20 concurrent sims.
2026/09/17 14:57:07 All 20 sims finished successfully.
2026/09/17 14:57:07 Running 20000 iterations on 20 concurrent sims.
2026/09/17 14:57:08 All 20 sims finished successfully.
2026/09/17 14:57:08 Running 20000 iterations on 20 concurrent sims.
2026/09/17 14:57:09 All 20 sims finished successfully.
2026/09/17 14:57:09 Running 20000 iterations on 20 concurrent sims.
2026/09/17 14:57:10 All 20 sims finished successfully.
2026/09/17 14:57:10 Running 20000 iterations on 20 concurrent sims.
2026/09/17 14:57:11 All 20 sims finished successfully.
2026/09/17 14:57:11 Running 20000 iterations on 20 concurrent sims.
2026/09/17 14:57:12 All 20 sims finished successfully.
2026/09/17 14:57:12 Running 20000 iterations on 20 concurrent sims.
2026/09/17 14:57:13 All 20 sims finished successfully.
2026/09/17 14:57:13 [Bulk Sim] - Stage: high - Finished
Sims:
  Input gear sets: 25
  Completed candidates: 25
  Survivors: 25
Results:
  Iterations: 20000
  Target error: 0.05%
  Observed error: 0.05%
  Best candidate DPS: 2290.79
  Baseline DPS: 2229.61
Timing:
  Duration: 29.16s
2026/09/17 14:57:13 [Bulk Sim] - Stage: finalist - Started
  Finalists: 5
  Iterations so far: 20000
2026/09/17 14:57:13 Running 20000 iterations on 20 concurrent sims.
2026/09/17 14:57:14 All 20 sims finished successfully.
2026/09/17 14:57:14 Running 20000 iterations on 20 concurrent sims.
2026/09/17 14:57:16 All 20 sims finished successfully.
2026/09/17 14:57:16 Running 20000 iterations on 20 concurrent sims.
2026/09/17 14:57:17 All 20 sims finished successfully.
2026/09/17 14:57:17 Running 20000 iterations on 20 concurrent sims.
2026/09/17 14:57:18 All 20 sims finished successfully.
2026/09/17 14:57:18 Running 20000 iterations on 20 concurrent sims.
2026/09/17 14:57:19 All 20 sims finished successfully.
2026/09/17 14:57:19 Running 20000 iterations on 20 concurrent sims.
2026/09/17 14:57:20 All 20 sims finished successfully.
2026/09/17 14:57:20 Running 40000 iterations on 20 concurrent sims.
2026/09/17 14:57:22 All 20 sims finished successfully.
2026/09/17 14:57:22 Running 40000 iterations on 20 concurrent sims.
2026/09/17 14:57:24 All 20 sims finished successfully.
2026/09/17 14:57:24 Running 40000 iterations on 20 concurrent sims.
2026/09/17 14:57:26 All 20 sims finished successfully.
2026/09/17 14:57:26 Running 40000 iterations on 20 concurrent sims.
2026/09/17 14:57:29 All 20 sims finished successfully.
2026/09/17 14:57:29 Running 40000 iterations on 20 concurrent sims.
2026/09/17 14:57:31 All 20 sims finished successfully.
2026/09/17 14:57:31 Running 40000 iterations on 20 concurrent sims.
2026/09/17 14:57:33 All 20 sims finished successfully.
2026/09/17 14:57:33 [Bulk Sim] - Stage: finalist - Finished
Sims:
  Input gear sets: 5
  Completed candidates: 5
  Survivors: 5
Results:
  Iterations: 80000
  Target error: 0.00%
  Observed error: 0.02%
  Best candidate DPS: 2289.90
  Baseline DPS: 2228.13
Timing:
  Duration: 19.51s
2026/09/17 14:57:33 [Bulk Sim] - Stage: high - Starting
Sims:
  Candidates: 25
  Total runs: 26-27 (baseline probe, optional baseline, candidates)
Stage config:
  Concurrency: 1
  Per-candidate concurrent sim: true
  Min iterations: 20000
  Carried iterations: 0
  Target error: 0.05%
2026/09/17 14:57:33 Running 20000 iterations on 20 concurrent sims.
2026/09/17 14:57:34 All 20 sims finished successfully.
2026/09/17 14:57:34 Running 20000 iterations on 20 concurrent sims.
2026/09/17 14:57:35 All 20 sims finished successfully.
2026/09/17 14:57:35 Running 20000 iterations on 20 concurrent sims.
2026/09/17 14:57:36 All 20 sims finished successfully.
2026/09/17 14:57:36 Running 20000 iterations on 20 concurrent sims.
2026/09/17 14:57:37 All 20 sims finished successfully.
2026/09/17 14:57:37 Running 20000 iterations on 20 concurrent sims.
2026/09/17 14:57:39 All 20 sims finished successfully.
2026/09/17 14:57:39 Running 20000 iterations on 20 concurrent sims.
2026/09/17 14:57:40 All 20 sims finished successfully.
2026/09/17 14:57:40 Running 20000 iterations on 20 concurrent sims.
2026/09/17 14:57:41 All 20 sims finished successfully.
2026/09/17 14:57:41 Running 20000 iterations on 20 concurrent sims.
2026/09/17 14:57:42 All 20 sims finished successfully.
2026/09/17 14:57:42 Running 20000 iterations on 20 concurrent sims.
2026/09/17 14:57:43 All 20 sims finished successfully.
2026/09/17 14:57:43 Running 20000 iterations on 20 concurrent sims.
2026/09/17 14:57:44 All 20 sims finished successfully.
2026/09/17 14:57:44 Running 20000 iterations on 20 concurrent sims.
2026/09/17 14:57:45 All 20 sims finished successfully.
2026/09/17 14:57:45 Running 20000 iterations on 20 concurrent sims.
2026/09/17 14:57:46 All 20 sims finished successfully.
2026/09/17 14:57:46 Running 20000 iterations on 20 concurrent sims.
2026/09/17 14:57:48 All 20 sims finished successfully.
2026/09/17 14:57:48 Running 20000 iterations on 20 concurrent sims.
2026/09/17 14:57:49 All 20 sims finished successfully.
2026/09/17 14:57:49 Running 20000 iterations on 20 concurrent sims.
2026/09/17 14:57:50 All 20 sims finished successfully.
2026/09/17 14:57:50 Running 20000 iterations on 20 concurrent sims.
2026/09/17 14:57:51 All 20 sims finished successfully.
2026/09/17 14:57:51 Running 20000 iterations on 20 concurrent sims.
2026/09/17 14:57:52 All 20 sims finished successfully.
2026/09/17 14:57:52 Running 20000 iterations on 20 concurrent sims.
2026/09/17 14:57:53 All 20 sims finished successfully.
2026/09/17 14:57:53 Running 20000 iterations on 20 concurrent sims.
2026/09/17 14:57:54 All 20 sims finished successfully.
2026/09/17 14:57:54 Running 20000 iterations on 20 concurrent sims.
2026/09/17 14:57:55 All 20 sims finished successfully.
2026/09/17 14:57:55 Running 20000 iterations on 20 concurrent sims.
2026/09/17 14:57:56 All 20 sims finished successfully.
2026/09/17 14:57:56 Running 20000 iterations on 20 concurrent sims.
2026/09/17 14:57:57 All 20 sims finished successfully.
2026/09/17 14:57:57 Running 20000 iterations on 20 concurrent sims.
2026/09/17 14:57:59 All 20 sims finished successfully.
2026/09/17 14:57:59 Running 20000 iterations on 20 concurrent sims.
2026/09/17 14:58:00 All 20 sims finished successfully.
2026/09/17 14:58:00 Running 20000 iterations on 20 concurrent sims.
2026/09/17 14:58:01 All 20 sims finished successfully.
2026/09/17 14:58:01 Running 20000 iterations on 20 concurrent sims.
2026/09/17 14:58:02 All 20 sims finished successfully.
2026/09/17 14:58:02 [Bulk Sim] - Stage: high - Finished
Sims:
  Input gear sets: 25
  Completed candidates: 25
  Survivors: 25
Results:
  Iterations: 20000
  Target error: 0.05%
  Observed error: 0.05%
  Best candidate DPS: 2272.03
  Baseline DPS: 2229.61
Timing:
  Duration: 29.09s
2026/09/17 14:58:02 [Bulk Sim] - Stage: finalist - Started
  Finalists: 5
  Iterations so far: 20000
2026/09/17 14:58:02 Running 20000 iterations on 20 concurrent sims.
2026/09/17 14:58:03 All 20 sims finished successfully.
2026/09/17 14:58:03 Running 20000 iterations on 20 concurrent sims.
2026/09/17 14:58:04 All 20 sims finished successfully.
2026/09/17 14:58:04 Running 20000 iterations on 20 concurrent sims.
2026/09/17 14:58:05 All 20 sims finished successfully.
2026/09/17 14:58:05 Running 20000 iterations on 20 concurrent sims.
2026/09/17 14:58:07 All 20 sims finished successfully.
2026/09/17 14:58:07 Running 20000 iterations on 20 concurrent sims.
2026/09/17 14:58:08 All 20 sims finished successfully.
2026/09/17 14:58:08 Running 20000 iterations on 20 concurrent sims.
2026/09/17 14:58:09 All 20 sims finished successfully.
2026/09/17 14:58:09 [Bulk Sim] - Stage: finalist - Finished
Sims:
  Input gear sets: 5
  Completed candidates: 5
  Survivors: 5
Results:
  Iterations: 40000
  Target error: 0.00%
  Observed error: 0.03%
  Best candidate DPS: 2272.00
  Baseline DPS: 2228.46
Timing:
  Duration: 6.98s
2026/09/17 14:58:09 [Bulk Sim] - Stage: high - Starting
Sims:
  Candidates: 15
  Total runs: 16-17 (baseline probe, optional baseline, candidates)
Stage config:
  Concurrency: 1
  Per-candidate concurrent sim: true
  Min iterations: 20000
  Carried iterations: 0
  Target error: 0.05%
2026/09/17 14:58:09 Running 20000 iterations on 20 concurrent sims.
2026/09/17 14:58:10 All 20 sims finished successfully.
2026/09/17 14:58:10 Running 20000 iterations on 20 concurrent sims.
2026/09/17 14:58:11 All 20 sims finished successfully.
2026/09/17 14:58:11 Running 20000 iterations on 20 concurrent sims.
2026/09/17 14:58:12 All 20 sims finished successfully.
2026/09/17 14:58:12 Running 20000 iterations on 20 concurrent sims.
2026/09/17 14:58:14 All 20 sims finished successfully.
2026/09/17 14:58:14 Running 20000 iterations on 20 concurrent sims.
2026/09/17 14:58:15 All 20 sims finished successfully.
2026/09/17 14:58:15 Running 20000 iterations on 20 concurrent sims.
2026/09/17 14:58:16 All 20 sims finished successfully.
2026/09/17 14:58:16 Running 20000 iterations on 20 concurrent sims.
2026/09/17 14:58:17 All 20 sims finished successfully.
2026/09/17 14:58:17 Running 20000 iterations on 20 concurrent sims.
2026/09/17 14:58:18 All 20 sims finished successfully.
2026/09/17 14:58:18 Running 20000 iterations on 20 concurrent sims.
2026/09/17 14:58:19 All 20 sims finished successfully.
2026/09/17 14:58:19 Running 20000 iterations on 20 concurrent sims.
2026/09/17 14:58:20 All 20 sims finished successfully.
2026/09/17 14:58:20 Running 20000 iterations on 20 concurrent sims.
2026/09/17 14:58:21 All 20 sims finished successfully.
2026/09/17 14:58:21 Running 20000 iterations on 20 concurrent sims.
2026/09/17 14:58:22 All 20 sims finished successfully.
2026/09/17 14:58:22 Running 20000 iterations on 20 concurrent sims.
2026/09/17 14:58:24 All 20 sims finished successfully.
2026/09/17 14:58:24 Running 20000 iterations on 20 concurrent sims.
2026/09/17 14:58:25 All 20 sims finished successfully.
2026/09/17 14:58:25 Running 20000 iterations on 20 concurrent sims.
2026/09/17 14:58:26 All 20 sims finished successfully.
2026/09/17 14:58:26 Running 20000 iterations on 20 concurrent sims.
2026/09/17 14:58:27 All 20 sims finished successfully.
2026/09/17 14:58:27 [Bulk Sim] - Stage: high - Finished
Sims:
  Input gear sets: 15
  Completed candidates: 15
  Survivors: 15
Results:
  Iterations: 20000
  Target error: 0.05%
  Observed error: 0.04%
  Best candidate DPS: 2229.61
  Baseline DPS: 2229.61
Timing:
  Duration: 17.84s
2026/09/17 14:58:27 Running 20000 iterations on 20 concurrent sims.
2026/09/17 14:58:29 All 20 sims finished successfully.
2026/09/17 14:58:29 Running 20000 iterations on 20 concurrent sims.
2026/09/17 14:58:30 All 20 sims finished successfully.
2026/09/17 14:58:30 Running 20000 iterations on 20 concurrent sims.
2026/09/17 14:58:31 All 20 sims finished successfully.
2026/09/17 14:58:31 Running 20000 iterations on 20 concurrent sims.
2026/09/17 14:58:32 All 20 sims finished successfully.
2026/09/17 14:58:32 Running 20000 iterations on 20 concurrent sims.
2026/09/17 14:58:33 All 20 sims finished successfully.
2026/09/17 14:58:33 Running 20000 iterations on 20 concurrent sims.
2026/09/17 14:58:34 All 20 sims finished successfully.
2026/09/17 14:58:34 Running 20000 iterations on 20 concurrent sims.
2026/09/17 14:58:36 All 20 sims finished successfully.
2026/09/17 14:58:36 Running 20000 iterations on 20 concurrent sims.
2026/09/17 14:58:37 All 20 sims finished successfully.
2026/09/17 14:58:37 Running 20000 iterations on 20 concurrent sims.
2026/09/17 14:58:38 All 20 sims finished successfully.
2026/09/17 14:58:38 Running 20000 iterations on 20 concurrent sims.
2026/09/17 14:58:39 All 20 sims finished successfully.
2026/09/17 14:58:39 Running 20000 iterations on 20 concurrent sims.
2026/09/17 14:58:40 All 20 sims finished successfully.
2026/09/17 14:58:40 Running 20000 iterations on 20 concurrent sims.
2026/09/17 14:58:41 All 20 sims finished successfully.
2026/09/17 14:58:41 Running 20000 iterations on 20 concurrent sims.
2026/09/17 14:58:43 All 20 sims finished successfully.
2026/09/17 14:58:43 Running 20000 iterations on 20 concurrent sims.
2026/09/17 14:58:44 All 20 sims finished successfully.
2026/09/17 14:58:44 Running 20000 iterations on 20 concurrent sims.
2026/09/17 14:58:45 All 20 sims finished successfully.
2026/09/17 14:58:45 Running 20000 iterations on 20 concurrent sims.
2026/09/17 14:58:46 All 20 sims finished successfully.
2026/09/17 14:58:46 Running 20000 iterations on 20 concurrent sims.
2026/09/17 14:58:47 All 20 sims finished successfully.
2026/09/17 14:58:47 Running 20000 iterations on 20 concurrent sims.
2026/09/17 14:58:49 All 20 sims finished successfully.
2026/09/17 14:58:49 Running 20000 iterations on 20 concurrent sims.
2026/09/17 14:58:50 All 20 sims finished successfully.
2026/09/17 14:58:50 Running 20000 iterations on 20 concurrent sims.
2026/09/17 14:58:51 All 20 sims finished successfully.
2026/09/17 14:58:51 Running 20000 iterations on 20 concurrent sims.
2026/09/17 14:58:52 All 20 sims finished successfully.
2026/09/17 14:58:52 Running 20000 iterations on 20 concurrent sims.
2026/09/17 14:58:53 All 20 sims finished successfully.
2026/09/17 14:58:53 Running 20000 iterations on 20 concurrent sims.
2026/09/17 14:58:54 All 20 sims finished successfully.
2026/09/17 14:58:54 Running 20000 iterations on 20 concurrent sims.
2026/09/17 14:58:56 All 20 sims finished successfully.
2026/09/17 14:58:56 Running 20000 iterations on 20 concurrent sims.
2026/09/17 14:58:57 All 20 sims finished successfully.
2026/09/17 14:58:57 Running 20000 iterations on 20 concurrent sims.
2026/09/17 14:58:58 All 20 sims finished successfully.
2026/09/17 14:58:58 Running 20000 iterations on 20 concurrent sims.
2026/09/17 14:58:59 All 20 sims finished successfully.
2026/09/17 14:58:59 Running 20000 iterations on 20 concurrent sims.
2026/09/17 14:59:00 All 20 sims finished successfully.
2026/09/17 14:59:00 Running 20000 iterations on 20 concurrent sims.
2026/09/17 14:59:02 All 20 sims finished successfully.
2026/09/17 14:59:02 Running 20000 iterations on 20 concurrent sims.
2026/09/17 14:59:03 All 20 sims finished successfully.
2026/09/17 14:59:03 Running 20000 iterations on 20 concurrent sims.
2026/09/17 14:59:04 All 20 sims finished successfully.
2026/09/17 14:59:04 Running 20000 iterations on 20 concurrent sims.
2026/09/17 14:59:05 All 20 sims finished successfully.
2026/09/17 14:59:05 Running 20000 iterations on 20 concurrent sims.
2026/09/17 14:59:06 All 20 sims finished successfully.
2026/09/17 14:59:06 Running 20000 iterations on 20 concurrent sims.
2026/09/17 14:59:07 All 20 sims finished successfully.
2026/09/17 14:59:07 Running 20000 iterations on 20 concurrent sims.
2026/09/17 14:59:09 All 20 sims finished successfully.
2026/09/17 14:59:09 Running 20000 iterations on 20 concurrent sims.
2026/09/17 14:59:10 All 20 sims finished successfully.
2026/09/17 14:59:10 Running 20000 iterations on 20 concurrent sims.
2026/09/17 14:59:11 All 20 sims finished successfully.
2026/09/17 14:59:11 Running 20000 iterations on 20 concurrent sims.
2026/09/17 14:59:12 All 20 sims finished successfully.
2026/09/17 14:59:12 Running 20000 iterations on 20 concurrent sims.
2026/09/17 14:59:13 All 20 sims finished successfully.
2026/09/17 14:59:13 Running 20000 iterations on 20 concurrent sims.
2026/09/17 14:59:15 All 20 sims finished successfully.
2026/09/17 14:59:15 Running 20000 iterations on 20 concurrent sims.
2026/09/17 14:59:16 All 20 sims finished successfully.
2026/09/17 14:59:16 Running 20000 iterations on 20 concurrent sims.
2026/09/17 14:59:17 All 20 sims finished successfully.
2026/09/17 14:59:17 Running 20000 iterations on 20 concurrent sims.
2026/09/17 14:59:18 All 20 sims finished successfully.
2026/09/17 14:59:18 Running 20000 iterations on 20 concurrent sims.
2026/09/17 14:59:19 All 20 sims finished successfully.
2026/09/17 14:59:19 Running 20000 iterations on 20 concurrent sims.
2026/09/17 14:59:21 All 20 sims finished successfully.
